(BestPossibleScore: 0)
(Generation 10)
"expand  deme returnn"
(SelectedTree: true)
(GeneratedList: (0 0 0 0 0 0 0 0 0 0 0 0 0 0 0 0 0 0 0 0 0 0 0 0))
""
(Iteration 1 running)
(Crossover: false)
(CenterInst: (0 0 0 0 0 0 0 0 0 0 0 0 0 0 0 0 0 0 0 0 0 0 0 0))
(size: 8)
(1 : 1 : 0)
(New best score: -8.0)
""
(Iteration 2 running)
(Crossover: false)
(CenterInst: (0 0 0 0 0 0 0 0 0 0 0 0 0 0 0 0 0 0 0 0 0 0 0 0))
(size: 8)
(144 : 288 : 1)
(CAPTURE_CANDIDATE A)
(CAPTURE_CANDIDATE (NOT (A)))
(CAPTURE_CANDIDATE B)
(CAPTURE_CANDIDATE (NOT (B)))
(CAPTURE_CANDIDATE C)
(CAPTURE_CANDIDATE (NOT (C)))
(CAPTURE_CANDIDATE (AND ((NOT (B)) C)))
(CAPTURE_CANDIDATE (AND ((OR (B (NOT (C)))))))
(CAPTURE_CANDIDATE (AND ((NOT (A)) B)))
(CAPTURE_CANDIDATE (AND ((OR (A (NOT (B)))))))
(CAPTURE_CANDIDATE (AND (A B)))
(CAPTURE_CANDIDATE (AND ((OR ((NOT (A)) (NOT (B)))))))
(CAPTURE_CANDIDATE A)
(CAPTURE_CANDIDATE (NOT (A)))
(CAPTURE_CANDIDATE B)
(CAPTURE_CANDIDATE (NOT (B)))
(CAPTURE_CANDIDATE C)
(CAPTURE_CANDIDATE (NOT (C)))
(CAPTURE_CANDIDATE (AND ((OR (A C)))))
(CAPTURE_CANDIDATE (AND ((NOT (A)) (NOT (C)))))
(CAPTURE_CANDIDATE (AND ((OR ((NOT (B)) C)))))
(CAPTURE_CANDIDATE (AND (B (NOT (C)))))
(CAPTURE_CANDIDATE (AND ((OR (A B)))))
(CAPTURE_CANDIDATE (AND ((NOT (A)) (NOT (B)))))
(CAPTURE_CANDIDATE A)
(CAPTURE_CANDIDATE (NOT (A)))
(CAPTURE_CANDIDATE B)
(CAPTURE_CANDIDATE (NOT (B)))
(CAPTURE_CANDIDATE C)
(CAPTURE_CANDIDATE (NOT (C)))
(CAPTURE_CANDIDATE (AND ((NOT (B)) C)))
(CAPTURE_CANDIDATE (AND ((OR (B (NOT (C)))))))
(CAPTURE_CANDIDATE (AND (A B)))
(CAPTURE_CANDIDATE (AND ((OR ((NOT (A)) (NOT (B)))))))
(CAPTURE_CANDIDATE (AND (A C)))
(CAPTURE_CANDIDATE (AND ((OR ((NOT (A)) (NOT (C)))))))
(CAPTURE_CANDIDATE A)
(CAPTURE_CANDIDATE (NOT (A)))
(CAPTURE_CANDIDATE B)
(CAPTURE_CANDIDATE (NOT (B)))
(CAPTURE_CANDIDATE C)
(CAPTURE_CANDIDATE (NOT (C)))
(CAPTURE_CANDIDATE (AND ((OR ((NOT (A)) C)))))
(CAPTURE_CANDIDATE (AND (A (NOT (C)))))
(CAPTURE_CANDIDATE (AND ((OR (A C)))))
(CAPTURE_CANDIDATE (AND ((NOT (A)) (NOT (C)))))
(CAPTURE_CANDIDATE (AND ((OR (A B)))))
(CAPTURE_CANDIDATE (AND ((NOT (A)) (NOT (B)))))
(New best score: -2.2857142857142856)
""
(Iteration 3 running)
(Crossover: false)
(CenterInst: (0 0 0 0 0 0 0 0 0 0 0 0 0 0 0 0 0 0 0 0 1 0 0 0))
(size: 8)
(144 : 288 : 1)
(CAPTURE_CANDIDATE A)
(CAPTURE_CANDIDATE (NOT (A)))
(CAPTURE_CANDIDATE B)
(CAPTURE_CANDIDATE (NOT (B)))
(CAPTURE_CANDIDATE C)
(CAPTURE_CANDIDATE (NOT (C)))
(CAPTURE_CANDIDATE (AND ((NOT (B)) C)))
(CAPTURE_CANDIDATE (AND ((OR (B (NOT (C)))))))
(CAPTURE_CANDIDATE (AND ((NOT (A)) B)))
(CAPTURE_CANDIDATE (AND ((OR (A (NOT (B)))))))
(CAPTURE_CANDIDATE (AND (A B)))
(CAPTURE_CANDIDATE (AND ((OR ((NOT (A)) (NOT (B)))))))
(CAPTURE_CANDIDATE A)
(CAPTURE_CANDIDATE (NOT (A)))
(CAPTURE_CANDIDATE B)
(CAPTURE_CANDIDATE (NOT (B)))
(CAPTURE_CANDIDATE C)
(CAPTURE_CANDIDATE (NOT (C)))
(CAPTURE_CANDIDATE (AND ((OR (A C)))))
(CAPTURE_CANDIDATE (AND ((NOT (A)) (NOT (C)))))
(CAPTURE_CANDIDATE (AND ((OR ((NOT (B)) C)))))
(CAPTURE_CANDIDATE (AND (B (NOT (C)))))
(CAPTURE_CANDIDATE (AND ((OR (A B)))))
(CAPTURE_CANDIDATE (AND ((NOT (A)) (NOT (B)))))
(CAPTURE_CANDIDATE A)
(CAPTURE_CANDIDATE (NOT (A)))
(CAPTURE_CANDIDATE B)
(CAPTURE_CANDIDATE (NOT (B)))
(CAPTURE_CANDIDATE C)
(CAPTURE_CANDIDATE (NOT (C)))
(CAPTURE_CANDIDATE (AND ((NOT (B)) C)))
(CAPTURE_CANDIDATE (AND ((OR (B (NOT (C)))))))
(CAPTURE_CANDIDATE (AND (A B)))
(CAPTURE_CANDIDATE (AND ((OR ((NOT (A)) (NOT (B)))))))
(CAPTURE_CANDIDATE (AND (A C)))
(CAPTURE_CANDIDATE (AND ((OR ((NOT (A)) (NOT (C)))))))
(CAPTURE_CANDIDATE A)
(CAPTURE_CANDIDATE (NOT (A)))
(CAPTURE_CANDIDATE B)
(CAPTURE_CANDIDATE (NOT (B)))
(CAPTURE_CANDIDATE C)
(CAPTURE_CANDIDATE (NOT (C)))
(CAPTURE_CANDIDATE (AND ((OR ((NOT (A)) C)))))
(CAPTURE_CANDIDATE (AND (A (NOT (C)))))
(CAPTURE_CANDIDATE (AND ((OR (A C)))))
(CAPTURE_CANDIDATE (AND ((NOT (A)) (NOT (C)))))
(CAPTURE_CANDIDATE (AND ((OR (A B)))))
(CAPTURE_CANDIDATE (AND ((NOT (A)) (NOT (B)))))
(CAPTURE_CANDIDATE (AND ((OR (A C)))))
(CAPTURE_CANDIDATE (AND ((OR ((NOT (A)) C)))))
(CAPTURE_CANDIDATE (AND ((OR (B C)))))
(CAPTURE_CANDIDATE (AND ((OR ((NOT (B)) C)))))
(CAPTURE_CANDIDATE C)
(CAPTURE_CANDIDATE (AND ((OR ((NOT (C)) C)))))
(CAPTURE_CANDIDATE (AND (C (NOT (B)))))
(CAPTURE_CANDIDATE (AND ((OR (B (NOT (C)) C)))))
(CAPTURE_CANDIDATE (AND ((OR ((AND ((NOT (A)) B)) C)))))
(CAPTURE_CANDIDATE (AND ((OR (A (NOT (B)) C)))))
(CAPTURE_CANDIDATE (AND ((OR ((AND (A B)) C)))))
(CAPTURE_CANDIDATE (AND ((OR ((NOT (A)) (NOT (B)) C)))))
(CAPTURE_CANDIDATE (AND ((OR (A C)))))
(CAPTURE_CANDIDATE (AND ((OR ((NOT (A)) C)))))
(CAPTURE_CANDIDATE (AND ((OR (B C)))))
(CAPTURE_CANDIDATE (AND ((OR ((NOT (B)) C)))))
(CAPTURE_CANDIDATE C)
(CAPTURE_CANDIDATE (AND ((OR ((NOT (C)) C)))))
(CAPTURE_CANDIDATE (AND ((OR (C A C)))))
(CAPTURE_CANDIDATE (AND ((OR ((AND ((NOT (A)) (NOT (C)))) C)))))
(CAPTURE_CANDIDATE (AND ((OR (C (NOT (B)) C)))))
(CAPTURE_CANDIDATE (AND ((OR ((AND (B (NOT (C)))) C)))))
(CAPTURE_CANDIDATE (AND ((OR (C A B)))))
(CAPTURE_CANDIDATE (AND ((OR ((AND ((NOT (A)) (NOT (B)))) C)))))
(CAPTURE_CANDIDATE (AND ((OR (C A)))))
(CAPTURE_CANDIDATE (AND ((OR (C (NOT (A)))))))
(CAPTURE_CANDIDATE (AND ((OR (C B)))))
(CAPTURE_CANDIDATE (AND ((OR (C (NOT (B)))))))
(CAPTURE_CANDIDATE C)
(CAPTURE_CANDIDATE (AND ((OR (C (NOT (C)))))))
(CAPTURE_CANDIDATE (AND (C (NOT (B)))))
(CAPTURE_CANDIDATE (AND ((OR (C B (NOT (C)))))))
(CAPTURE_CANDIDATE (AND ((OR (C (AND (A B)))))))
(CAPTURE_CANDIDATE (AND ((OR (C (NOT (A)) (NOT (B)))))))
(CAPTURE_CANDIDATE (AND (C A)))
(CAPTURE_CANDIDATE (AND ((OR (C (NOT (A)) (NOT (C)))))))
(CAPTURE_CANDIDATE (AND (A C)))
(CAPTURE_CANDIDATE (AND ((NOT (A)) C)))
(CAPTURE_CANDIDATE (AND (B C)))
(CAPTURE_CANDIDATE (AND ((NOT (B)) C)))
(CAPTURE_CANDIDATE (NOT (C)))
(CAPTURE_CANDIDATE C)
(CAPTURE_CANDIDATE C)
(CAPTURE_CANDIDATE (AND (C (OR (A B)))))
(CAPTURE_CANDIDATE (AND (C (NOT (A)) (NOT (B)))))
(New best score: -1.8571428571428572)
""
(Iteration 4 running)
(Crossover: true)
(CenterInst: (0 0 0 0 0 0 0 0 0 0 0 0 0 0 0 0 0 0 0 0 1 0 0 0))
(size: 8)
(2556 : 403 : 2)
(CAPTURE_CANDIDATE A)
(CAPTURE_CANDIDATE (NOT (A)))
(CAPTURE_CANDIDATE B)
(CAPTURE_CANDIDATE (NOT (B)))
(CAPTURE_CANDIDATE C)
(CAPTURE_CANDIDATE (NOT (C)))
(CAPTURE_CANDIDATE (AND ((NOT (B)) C)))
(CAPTURE_CANDIDATE (AND ((OR (B (NOT (C)))))))
(CAPTURE_CANDIDATE (AND ((NOT (A)) B)))
(CAPTURE_CANDIDATE (AND ((OR (A (NOT (B)))))))
(CAPTURE_CANDIDATE (AND (A B)))
(CAPTURE_CANDIDATE (AND ((OR ((NOT (A)) (NOT (B)))))))
(CAPTURE_CANDIDATE A)
(CAPTURE_CANDIDATE (NOT (A)))
(CAPTURE_CANDIDATE B)
(CAPTURE_CANDIDATE (NOT (B)))
(CAPTURE_CANDIDATE C)
(CAPTURE_CANDIDATE (NOT (C)))
(CAPTURE_CANDIDATE (AND ((OR (A C)))))
(CAPTURE_CANDIDATE (AND ((NOT (A)) (NOT (C)))))
(CAPTURE_CANDIDATE (AND ((OR ((NOT (B)) C)))))
(CAPTURE_CANDIDATE (AND (B (NOT (C)))))
(CAPTURE_CANDIDATE (AND ((OR (A B)))))
(CAPTURE_CANDIDATE (AND ((NOT (A)) (NOT (B)))))
(CAPTURE_CANDIDATE A)
(CAPTURE_CANDIDATE (NOT (A)))
(CAPTURE_CANDIDATE B)
(CAPTURE_CANDIDATE (NOT (B)))
(CAPTURE_CANDIDATE C)
(CAPTURE_CANDIDATE (NOT (C)))
(CAPTURE_CANDIDATE (AND ((NOT (B)) C)))
(CAPTURE_CANDIDATE (AND ((OR (B (NOT (C)))))))
(CAPTURE_CANDIDATE (AND (A B)))
(CAPTURE_CANDIDATE (AND ((OR ((NOT (A)) (NOT (B)))))))
(CAPTURE_CANDIDATE (AND (A C)))
(CAPTURE_CANDIDATE (AND ((OR ((NOT (A)) (NOT (C)))))))
(CAPTURE_CANDIDATE A)
(CAPTURE_CANDIDATE (NOT (A)))
(CAPTURE_CANDIDATE B)
(CAPTURE_CANDIDATE (NOT (B)))
(CAPTURE_CANDIDATE C)
(CAPTURE_CANDIDATE (NOT (C)))
(CAPTURE_CANDIDATE (AND ((OR ((NOT (A)) C)))))
(CAPTURE_CANDIDATE (AND (A (NOT (C)))))
(CAPTURE_CANDIDATE (AND ((OR (A C)))))
(CAPTURE_CANDIDATE (AND ((NOT (A)) (NOT (C)))))
(CAPTURE_CANDIDATE (AND ((OR (A B)))))
(CAPTURE_CANDIDATE (AND ((NOT (A)) (NOT (B)))))
(CAPTURE_CANDIDATE (AND ((OR (A C)))))
(CAPTURE_CANDIDATE (AND ((OR ((NOT (A)) C)))))
(CAPTURE_CANDIDATE (AND ((OR (B C)))))
(CAPTURE_CANDIDATE (AND ((OR ((NOT (B)) C)))))
(CAPTURE_CANDIDATE C)
(CAPTURE_CANDIDATE (AND ((OR ((NOT (C)) C)))))
(CAPTURE_CANDIDATE (AND (C (NOT (B)))))
(CAPTURE_CANDIDATE (AND ((OR (B (NOT (C)) C)))))
(CAPTURE_CANDIDATE (AND ((OR ((AND ((NOT (A)) B)) C)))))
(CAPTURE_CANDIDATE (AND ((OR (A (NOT (B)) C)))))
(CAPTURE_CANDIDATE (AND ((OR ((AND (A B)) C)))))
(CAPTURE_CANDIDATE (AND ((OR ((NOT (A)) (NOT (B)) C)))))
(CAPTURE_CANDIDATE (AND ((OR (A C)))))
(CAPTURE_CANDIDATE (AND ((OR ((NOT (A)) C)))))
(CAPTURE_CANDIDATE (AND ((OR (B C)))))
(CAPTURE_CANDIDATE (AND ((OR ((NOT (B)) C)))))
(CAPTURE_CANDIDATE C)
(CAPTURE_CANDIDATE (AND ((OR ((NOT (C)) C)))))
(CAPTURE_CANDIDATE (AND ((OR (C A C)))))
(CAPTURE_CANDIDATE (AND ((OR ((AND ((NOT (A)) (NOT (C)))) C)))))
(CAPTURE_CANDIDATE (AND ((OR (C (NOT (B)) C)))))
(CAPTURE_CANDIDATE (AND ((OR ((AND (B (NOT (C)))) C)))))
(CAPTURE_CANDIDATE (AND ((OR (C A B)))))
(CAPTURE_CANDIDATE (AND ((OR ((AND ((NOT (A)) (NOT (B)))) C)))))
(CAPTURE_CANDIDATE (AND ((OR (C A)))))
(CAPTURE_CANDIDATE (AND ((OR (C (NOT (A)))))))
(CAPTURE_CANDIDATE (AND ((OR (C B)))))
(CAPTURE_CANDIDATE (AND ((OR (C (NOT (B)))))))
(CAPTURE_CANDIDATE C)
(CAPTURE_CANDIDATE (AND ((OR (C (NOT (C)))))))
(CAPTURE_CANDIDATE (AND (C (NOT (B)))))
(CAPTURE_CANDIDATE (AND ((OR (C B (NOT (C)))))))
(CAPTURE_CANDIDATE (AND ((OR (C (AND (A B)))))))
(CAPTURE_CANDIDATE (AND ((OR (C (NOT (A)) (NOT (B)))))))
(CAPTURE_CANDIDATE (AND (C A)))
(CAPTURE_CANDIDATE (AND ((OR (C (NOT (A)) (NOT (C)))))))
(CAPTURE_CANDIDATE (AND (A C)))
(CAPTURE_CANDIDATE (AND ((NOT (A)) C)))
(CAPTURE_CANDIDATE (AND (B C)))
(CAPTURE_CANDIDATE (AND ((NOT (B)) C)))
(CAPTURE_CANDIDATE (NOT (C)))
(CAPTURE_CANDIDATE C)
(CAPTURE_CANDIDATE C)
(CAPTURE_CANDIDATE (AND (C (OR (A B)))))
(CAPTURE_CANDIDATE (AND (C (NOT (A)) (NOT (B)))))
(CAPTURE_CANDIDATE C)
(CAPTURE_CANDIDATE (AND ((OR ((AND (A B)) C)))))
(CAPTURE_CANDIDATE (AND ((OR (C (AND (A B)))))))
(CAPTURE_CANDIDATE (AND (C (OR (A B)))))
(CAPTURE_CANDIDATE (AND ((OR ((AND (A B)) C)))))
(CAPTURE_CANDIDATE (AND ((OR ((AND (A B)) C (AND (A B)))))))
(CAPTURE_CANDIDATE (AND ((OR ((AND (A B)) (AND (C (OR (A B)))))))))
(CAPTURE_CANDIDATE (AND ((OR (C (AND (A B)))))))
(CAPTURE_CANDIDATE (AND ((OR ((AND (C (OR (A B)))) (AND (A B)))))))
(CAPTURE_CANDIDATE (AND (C (OR (A B)))))
(CAPTURE_CANDIDATE (AND ((OR ((AND (A B)) C)))))
(CAPTURE_CANDIDATE (AND ((OR ((AND (A B)) C (AND (A B)))))))
(CAPTURE_CANDIDATE (AND ((OR ((AND (A B)) (AND (C (OR (A B)))))))))
(CAPTURE_CANDIDATE (AND ((OR (C (AND (A B)))))))
(CAPTURE_CANDIDATE (AND ((OR ((AND (C (OR (A B)))) (AND (A B)))))))
(CAPTURE_CANDIDATE (AND (C (OR (A B)))))
(CAPTURE_CANDIDATE (AND ((OR ((AND (A B)) C (AND (A B)))))))
(CAPTURE_CANDIDATE (AND ((OR ((AND (A B)) (AND (C (OR (A B)))) (AND (A B)))))))
(CAPTURE_CANDIDATE (AND ((OR ((AND (A B)) (AND (C (OR (A B)))))))))
(CAPTURE_CANDIDATE (AND ((OR ((AND (C (OR (A B)))) (AND (A B)))))))
(CAPTURE_CANDIDATE (AND (C (OR (A B)))))
(CAPTURE_CANDIDATE (AND ((OR (C C (AND (A B)))))))
(CAPTURE_CANDIDATE (AND ((OR ((AND (A B)) C C)))))
(CAPTURE_CANDIDATE C)
(CAPTURE_CANDIDATE C)
(CAPTURE_CANDIDATE (AND (C (OR (A B)))))
(CAPTURE_CANDIDATE (AND (C A B)))
(CAPTURE_CANDIDATE (AND ((OR (C (AND (A B)) C)))))
(CAPTURE_CANDIDATE C)
(CAPTURE_CANDIDATE C)
(CAPTURE_CANDIDATE C)
(CAPTURE_CANDIDATE (AND (C (OR (A B)))))
(CAPTURE_CANDIDATE (AND ((OR (C C (AND (A B)))))))
(CAPTURE_CANDIDATE (AND ((OR (C (AND (A B)) C)))))
(CAPTURE_CANDIDATE C)
(CAPTURE_CANDIDATE C)
(CAPTURE_CANDIDATE C)
(CAPTURE_CANDIDATE C)
(CAPTURE_CANDIDATE (AND (B C)))
(CAPTURE_CANDIDATE (AND (B (OR (C A)))))
(CAPTURE_CANDIDATE (AND (B (OR (A C)))))
(CAPTURE_CANDIDATE (AND (B C)))
(CAPTURE_CANDIDATE (AND (B C)))
(CAPTURE_CANDIDATE (AND (C B)))
(CAPTURE_CANDIDATE (AND (C B)))
(CAPTURE_CANDIDATE (AND (C B)))
(CAPTURE_CANDIDATE (AND (A C)))
(CAPTURE_CANDIDATE (AND (A (OR (C B)))))
(CAPTURE_CANDIDATE (AND (A (OR (B C)))))
(CAPTURE_CANDIDATE (AND (A C)))
(CAPTURE_CANDIDATE (AND (C (OR (A A B)))))
(CAPTURE_CANDIDATE (AND ((OR ((AND (C (OR (A B)))) B)))))
(CAPTURE_CANDIDATE (AND ((OR ((AND (C (OR (A B)))) A)))))
(CAPTURE_CANDIDATE (AND ((OR (B (AND (C (OR (A B)))))))))
(CAPTURE_CANDIDATE (AND ((OR (A (AND (C (OR (A B)))))))))
(CAPTURE_CANDIDATE (AND ((OR (B (AND (C (OR (A B)))))))))
(CAPTURE_CANDIDATE (AND ((OR (A (AND (C (OR (A B)))))))))
(CAPTURE_CANDIDATE (AND ((OR ((AND (B (NOT (C)))) (AND (C (OR (A B)))))))))
(CAPTURE_CANDIDATE (AND ((OR ((AND (C (OR (A B)))) A C)))))
(CAPTURE_CANDIDATE (AND ((OR ((AND ((NOT (A)) (NOT (B)))) (AND (C (OR (A B)))))))))
(CAPTURE_CANDIDATE (AND ((OR ((AND (C (OR (A B)))) A B)))))
(CAPTURE_CANDIDATE (AND ((OR (A (NOT (B)) (AND (C (OR (A B)))))))))
(CAPTURE_CANDIDATE (AND ((OR ((AND ((NOT (A)) B)) (AND (C (OR (A B)))))))))
(CAPTURE_CANDIDATE (AND ((NOT (B)) C A)))
(CAPTURE_CANDIDATE (AND ((NOT (A)) C B)))
(CAPTURE_CANDIDATE (AND (C (OR ((NOT (B)) A B)))))
(CAPTURE_CANDIDATE (AND ((OR ((AND (C (OR (A B)))) (NOT (C)))))))
(CAPTURE_CANDIDATE (AND ((OR ((AND (C (OR (A B)))) (NOT (B)))))))
(CAPTURE_CANDIDATE (AND ((OR ((AND (C (OR (A B)))) (NOT (A)))))))
(CAPTURE_CANDIDATE (AND ((OR ((NOT (C)) (AND (C (OR (A B)))))))))
(CAPTURE_CANDIDATE (AND ((OR ((NOT (B)) (AND (C (OR (A B)))))))))
(CAPTURE_CANDIDATE (AND ((OR ((NOT (A)) (AND (C (OR (A B)))))))))
(CAPTURE_CANDIDATE (AND (C (OR ((NOT (B)) A B)))))
(CAPTURE_CANDIDATE (AND ((OR ((NOT (C)) (AND (C (OR (A B)))))))))
(CAPTURE_CANDIDATE (AND ((OR ((NOT (B)) (AND (C (OR (A B)))))))))
(CAPTURE_CANDIDATE (AND ((OR ((NOT (A)) (AND (C (OR (A B)))))))))
(CAPTURE_CANDIDATE (AND ((OR ((AND (C (OR (A B)))) (NOT (A)) (NOT (C)))))))
(CAPTURE_CANDIDATE (AND ((OR ((AND (C (OR (A B)))) B (NOT (C)))))))
(CAPTURE_CANDIDATE (AND ((OR ((AND (C (OR (A B)))) (NOT (B)) C)))))
(CAPTURE_CANDIDATE (AND ((OR ((AND ((NOT (A)) (NOT (C)))) (AND (C (OR (A B)))))))))
(New best score: -1.4285714285714284)
(Terminating because of best possible score: 0 found 0)
""
(Iteration 5 running)
(Crossover: false)
(CenterInst: (0 0 0 0 0 0 0 0 0 0 0 0 0 0 0 0 1 0 0 0 1 0 0 1))
(size: 8)
(144 : 288 : 1)
(CAPTURE_CANDIDATE A)
(CAPTURE_CANDIDATE (NOT (A)))
(CAPTURE_CANDIDATE B)
(CAPTURE_CANDIDATE (NOT (B)))
(CAPTURE_CANDIDATE C)
(CAPTURE_CANDIDATE (NOT (C)))
(CAPTURE_CANDIDATE (AND ((NOT (B)) C)))
(CAPTURE_CANDIDATE (AND ((OR (B (NOT (C)))))))
(CAPTURE_CANDIDATE (AND ((NOT (A)) B)))
(CAPTURE_CANDIDATE (AND ((OR (A (NOT (B)))))))
(CAPTURE_CANDIDATE (AND (A B)))
(CAPTURE_CANDIDATE (AND ((OR ((NOT (A)) (NOT (B)))))))
(CAPTURE_CANDIDATE A)
(CAPTURE_CANDIDATE (NOT (A)))
(CAPTURE_CANDIDATE B)
(CAPTURE_CANDIDATE (NOT (B)))
(CAPTURE_CANDIDATE C)
(CAPTURE_CANDIDATE (NOT (C)))
(CAPTURE_CANDIDATE (AND ((OR (A C)))))
(CAPTURE_CANDIDATE (AND ((NOT (A)) (NOT (C)))))
(CAPTURE_CANDIDATE (AND ((OR ((NOT (B)) C)))))
(CAPTURE_CANDIDATE (AND (B (NOT (C)))))
(CAPTURE_CANDIDATE (AND ((OR (A B)))))
(CAPTURE_CANDIDATE (AND ((NOT (A)) (NOT (B)))))
(CAPTURE_CANDIDATE A)
(CAPTURE_CANDIDATE (NOT (A)))
(CAPTURE_CANDIDATE B)
(CAPTURE_CANDIDATE (NOT (B)))
(CAPTURE_CANDIDATE C)
(CAPTURE_CANDIDATE (NOT (C)))
(CAPTURE_CANDIDATE (AND ((NOT (B)) C)))
(CAPTURE_CANDIDATE (AND ((OR (B (NOT (C)))))))
(CAPTURE_CANDIDATE (AND (A B)))
(CAPTURE_CANDIDATE (AND ((OR ((NOT (A)) (NOT (B)))))))
(CAPTURE_CANDIDATE (AND (A C)))
(CAPTURE_CANDIDATE (AND ((OR ((NOT (A)) (NOT (C)))))))
(CAPTURE_CANDIDATE A)
(CAPTURE_CANDIDATE (NOT (A)))
(CAPTURE_CANDIDATE B)
(CAPTURE_CANDIDATE (NOT (B)))
(CAPTURE_CANDIDATE C)
(CAPTURE_CANDIDATE (NOT (C)))
(CAPTURE_CANDIDATE (AND ((OR ((NOT (A)) C)))))
(CAPTURE_CANDIDATE (AND (A (NOT (C)))))
(CAPTURE_CANDIDATE (AND ((OR (A C)))))
(CAPTURE_CANDIDATE (AND ((NOT (A)) (NOT (C)))))
(CAPTURE_CANDIDATE (AND ((OR (A B)))))
(CAPTURE_CANDIDATE (AND ((NOT (A)) (NOT (B)))))
(CAPTURE_CANDIDATE (AND ((OR (A C)))))
(CAPTURE_CANDIDATE (AND ((OR ((NOT (A)) C)))))
(CAPTURE_CANDIDATE (AND ((OR (B C)))))
(CAPTURE_CANDIDATE (AND ((OR ((NOT (B)) C)))))
(CAPTURE_CANDIDATE C)
(CAPTURE_CANDIDATE (AND ((OR ((NOT (C)) C)))))
(CAPTURE_CANDIDATE (AND (C (NOT (B)))))
(CAPTURE_CANDIDATE (AND ((OR (B (NOT (C)) C)))))
(CAPTURE_CANDIDATE (AND ((OR ((AND ((NOT (A)) B)) C)))))
(CAPTURE_CANDIDATE (AND ((OR (A (NOT (B)) C)))))
(CAPTURE_CANDIDATE (AND ((OR ((AND (A B)) C)))))
(CAPTURE_CANDIDATE (AND ((OR ((NOT (A)) (NOT (B)) C)))))
(CAPTURE_CANDIDATE (AND ((OR (A C)))))
(CAPTURE_CANDIDATE (AND ((OR ((NOT (A)) C)))))
(CAPTURE_CANDIDATE (AND ((OR (B C)))))
(CAPTURE_CANDIDATE (AND ((OR ((NOT (B)) C)))))
(CAPTURE_CANDIDATE C)
(CAPTURE_CANDIDATE (AND ((OR ((NOT (C)) C)))))
(CAPTURE_CANDIDATE (AND ((OR (C A C)))))
(CAPTURE_CANDIDATE (AND ((OR ((AND ((NOT (A)) (NOT (C)))) C)))))
(CAPTURE_CANDIDATE (AND ((OR (C (NOT (B)) C)))))
(CAPTURE_CANDIDATE (AND ((OR ((AND (B (NOT (C)))) C)))))
(CAPTURE_CANDIDATE (AND ((OR (C A B)))))
(CAPTURE_CANDIDATE (AND ((OR ((AND ((NOT (A)) (NOT (B)))) C)))))
(CAPTURE_CANDIDATE (AND ((OR (C A)))))
(CAPTURE_CANDIDATE (AND ((OR (C (NOT (A)))))))
(CAPTURE_CANDIDATE (AND ((OR (C B)))))
(CAPTURE_CANDIDATE (AND ((OR (C (NOT (B)))))))
(CAPTURE_CANDIDATE C)
(CAPTURE_CANDIDATE (AND ((OR (C (NOT (C)))))))
(CAPTURE_CANDIDATE (AND (C (NOT (B)))))
(CAPTURE_CANDIDATE (AND ((OR (C B (NOT (C)))))))
(CAPTURE_CANDIDATE (AND ((OR (C (AND (A B)))))))
(CAPTURE_CANDIDATE (AND ((OR (C (NOT (A)) (NOT (B)))))))
(CAPTURE_CANDIDATE (AND (C A)))
(CAPTURE_CANDIDATE (AND ((OR (C (NOT (A)) (NOT (C)))))))
(CAPTURE_CANDIDATE (AND (A C)))
(CAPTURE_CANDIDATE (AND ((NOT (A)) C)))
(CAPTURE_CANDIDATE (AND (B C)))
(CAPTURE_CANDIDATE (AND ((NOT (B)) C)))
(CAPTURE_CANDIDATE (NOT (C)))
(CAPTURE_CANDIDATE C)
(CAPTURE_CANDIDATE C)
(CAPTURE_CANDIDATE (AND (C (OR (A B)))))
(CAPTURE_CANDIDATE (AND (C (NOT (A)) (NOT (B)))))
(CAPTURE_CANDIDATE C)
(CAPTURE_CANDIDATE (AND ((OR ((AND (A B)) C)))))
(CAPTURE_CANDIDATE (AND ((OR (C (AND (A B)))))))
(CAPTURE_CANDIDATE (AND (C (OR (A B)))))
(CAPTURE_CANDIDATE (AND ((OR ((AND (A B)) C)))))
(CAPTURE_CANDIDATE (AND ((OR ((AND (A B)) C (AND (A B)))))))
(CAPTURE_CANDIDATE (AND ((OR ((AND (A B)) (AND (C (OR (A B)))))))))
(CAPTURE_CANDIDATE (AND ((OR (C (AND (A B)))))))
(CAPTURE_CANDIDATE (AND ((OR ((AND (C (OR (A B)))) (AND (A B)))))))
(CAPTURE_CANDIDATE (AND (C (OR (A B)))))
(CAPTURE_CANDIDATE (AND ((OR ((AND (A B)) C)))))
(CAPTURE_CANDIDATE (AND ((OR ((AND (A B)) C (AND (A B)))))))
(CAPTURE_CANDIDATE (AND ((OR ((AND (A B)) (AND (C (OR (A B)))))))))
(CAPTURE_CANDIDATE (AND ((OR (C (AND (A B)))))))
(CAPTURE_CANDIDATE (AND ((OR ((AND (C (OR (A B)))) (AND (A B)))))))
(CAPTURE_CANDIDATE (AND (C (OR (A B)))))
(CAPTURE_CANDIDATE (AND ((OR ((AND (A B)) C (AND (A B)))))))
(CAPTURE_CANDIDATE (AND ((OR ((AND (A B)) (AND (C (OR (A B)))) (AND (A B)))))))
(CAPTURE_CANDIDATE (AND ((OR ((AND (A B)) (AND (C (OR (A B)))))))))
(CAPTURE_CANDIDATE (AND ((OR ((AND (C (OR (A B)))) (AND (A B)))))))
(CAPTURE_CANDIDATE (AND (C (OR (A B)))))
(CAPTURE_CANDIDATE (AND ((OR (C C (AND (A B)))))))
(CAPTURE_CANDIDATE (AND ((OR ((AND (A B)) C C)))))
(CAPTURE_CANDIDATE C)
(CAPTURE_CANDIDATE C)
(CAPTURE_CANDIDATE (AND (C (OR (A B)))))
(CAPTURE_CANDIDATE (AND (C A B)))
(CAPTURE_CANDIDATE (AND ((OR (C (AND (A B)) C)))))
(CAPTURE_CANDIDATE C)
(CAPTURE_CANDIDATE C)
(CAPTURE_CANDIDATE C)
(CAPTURE_CANDIDATE (AND (C (OR (A B)))))
(CAPTURE_CANDIDATE (AND ((OR (C C (AND (A B)))))))
(CAPTURE_CANDIDATE (AND ((OR (C (AND (A B)) C)))))
(CAPTURE_CANDIDATE C)
(CAPTURE_CANDIDATE C)
(CAPTURE_CANDIDATE C)
(CAPTURE_CANDIDATE C)
(CAPTURE_CANDIDATE (AND (B C)))
(CAPTURE_CANDIDATE (AND (B (OR (C A)))))
(CAPTURE_CANDIDATE (AND (B (OR (A C)))))
(CAPTURE_CANDIDATE (AND (B C)))
(CAPTURE_CANDIDATE (AND (B C)))
(CAPTURE_CANDIDATE (AND (C B)))
(CAPTURE_CANDIDATE (AND (C B)))
(CAPTURE_CANDIDATE (AND (C B)))
(CAPTURE_CANDIDATE (AND (A C)))
(CAPTURE_CANDIDATE (AND (A (OR (C B)))))
(CAPTURE_CANDIDATE (AND (A (OR (B C)))))
(CAPTURE_CANDIDATE (AND (A C)))
(CAPTURE_CANDIDATE (AND (C (OR (A A B)))))
(CAPTURE_CANDIDATE (AND ((OR ((AND (C (OR (A B)))) B)))))
(CAPTURE_CANDIDATE (AND ((OR ((AND (C (OR (A B)))) A)))))
(CAPTURE_CANDIDATE (AND ((OR (B (AND (C (OR (A B)))))))))
(CAPTURE_CANDIDATE (AND ((OR (A (AND (C (OR (A B)))))))))
(CAPTURE_CANDIDATE (AND ((OR (B (AND (C (OR (A B)))))))))
(CAPTURE_CANDIDATE (AND ((OR (A (AND (C (OR (A B)))))))))
(CAPTURE_CANDIDATE (AND ((OR ((AND (B (NOT (C)))) (AND (C (OR (A B)))))))))
(CAPTURE_CANDIDATE (AND ((OR ((AND (C (OR (A B)))) A C)))))
(CAPTURE_CANDIDATE (AND ((OR ((AND ((NOT (A)) (NOT (B)))) (AND (C (OR (A B)))))))))
(CAPTURE_CANDIDATE (AND ((OR ((AND (C (OR (A B)))) A B)))))
(CAPTURE_CANDIDATE (AND ((OR (A (NOT (B)) (AND (C (OR (A B)))))))))
(CAPTURE_CANDIDATE (AND ((OR ((AND ((NOT (A)) B)) (AND (C (OR (A B)))))))))
(CAPTURE_CANDIDATE (AND ((NOT (B)) C A)))
(CAPTURE_CANDIDATE (AND ((NOT (A)) C B)))
(CAPTURE_CANDIDATE (AND (C (OR ((NOT (B)) A B)))))
(CAPTURE_CANDIDATE (AND ((OR ((AND (C (OR (A B)))) (NOT (C)))))))
(CAPTURE_CANDIDATE (AND ((OR ((AND (C (OR (A B)))) (NOT (B)))))))
(CAPTURE_CANDIDATE (AND ((OR ((AND (C (OR (A B)))) (NOT (A)))))))
(CAPTURE_CANDIDATE (AND ((OR ((NOT (C)) (AND (C (OR (A B)))))))))
(CAPTURE_CANDIDATE (AND ((OR ((NOT (B)) (AND (C (OR (A B)))))))))
(CAPTURE_CANDIDATE (AND ((OR ((NOT (A)) (AND (C (OR (A B)))))))))
(CAPTURE_CANDIDATE (AND (C (OR ((NOT (B)) A B)))))
(CAPTURE_CANDIDATE (AND ((OR ((NOT (C)) (AND (C (OR (A B)))))))))
(CAPTURE_CANDIDATE (AND ((OR ((NOT (B)) (AND (C (OR (A B)))))))))
(CAPTURE_CANDIDATE (AND ((OR ((NOT (A)) (AND (C (OR (A B)))))))))
(CAPTURE_CANDIDATE (AND ((OR ((AND (C (OR (A B)))) (NOT (A)) (NOT (C)))))))
(CAPTURE_CANDIDATE (AND ((OR ((AND (C (OR (A B)))) B (NOT (C)))))))
(CAPTURE_CANDIDATE (AND ((OR ((AND (C (OR (A B)))) (NOT (B)) C)))))
(CAPTURE_CANDIDATE (AND ((OR ((AND ((NOT (A)) (NOT (C)))) (AND (C (OR (A B)))))))))
(CAPTURE_CANDIDATE (AND ((OR (A (AND (C (OR (A B)))) (AND (A B)))))))
(CAPTURE_CANDIDATE (AND ((OR ((NOT (A)) (AND (C (OR (A B)))) (AND (A B)))))))
(CAPTURE_CANDIDATE (AND ((OR (B (AND (C (OR (A B)))) (AND (A B)))))))
(CAPTURE_CANDIDATE (AND ((OR ((NOT (B)) (AND (C (OR (A B)))) (AND (A B)))))))
(CAPTURE_CANDIDATE (AND ((OR (C (AND (C (OR (A B)))) (AND (A B)))))))
(CAPTURE_CANDIDATE (AND ((OR ((NOT (C)) (AND (C (OR (A B)))) (AND (A B)))))))
(CAPTURE_CANDIDATE (AND ((OR ((AND ((NOT (B)) C)) (AND (C (OR (A B)))) (AND (A B)))))))
(CAPTURE_CANDIDATE (AND ((OR (B (NOT (C)) (AND (C (OR (A B)))) (AND (A B)))))))
(CAPTURE_CANDIDATE (AND ((OR ((AND ((NOT (A)) B)) (AND (C (OR (A B)))) (AND (A B)))))))
(CAPTURE_CANDIDATE (AND ((OR (A (NOT (B)) (AND (C (OR (A B)))) (AND (A B)))))))
(CAPTURE_CANDIDATE (AND ((OR ((AND (A B)) (AND (C (OR (A B)))) (AND (A B)))))))
(CAPTURE_CANDIDATE (AND ((OR ((NOT (A)) (NOT (B)) (AND (C (OR (A B)))) (AND (A B)))))))
(CAPTURE_CANDIDATE (AND ((OR ((AND (A B)) (AND (C (OR (A B)))))))))
(CAPTURE_CANDIDATE (AND ((OR ((NOT (A)) (AND (C (OR (A B)))))))))
(CAPTURE_CANDIDATE (AND ((OR ((AND (B A)) (AND (C (OR (A B)))))))))
(CAPTURE_CANDIDATE (AND ((OR ((NOT (B)) (AND (C (OR (A B)))))))))
(CAPTURE_CANDIDATE (AND (C (OR ((AND (A B)) A B)))))
(CAPTURE_CANDIDATE (AND ((OR ((AND ((NOT (C)) A B)) (AND (C (OR (A B)))))))))
(CAPTURE_CANDIDATE (AND ((OR ((AND (A B)) (AND (C (OR (A B)))))))))
(CAPTURE_CANDIDATE (AND ((OR ((AND ((NOT (A)) (NOT (C)))) (AND (C (OR (A B)))))))))
(CAPTURE_CANDIDATE (AND (C (OR ((AND (A B)) A B)))))
(CAPTURE_CANDIDATE (AND ((OR ((AND (B (NOT (C)) A)) (AND (C (OR (A B)))))))))
(CAPTURE_CANDIDATE (AND ((OR ((AND (A B)) (AND (C (OR (A B)))))))))
(CAPTURE_CANDIDATE (AND ((OR ((AND ((NOT (A)) (NOT (B)))) (AND (C (OR (A B)))))))))
(CAPTURE_CANDIDATE (AND ((OR ((AND (A B)) (AND (C (OR (A B)))))))))
(CAPTURE_CANDIDATE (AND ((OR ((AND (C (OR (A B)))) (NOT (A)) (AND (A B)))))))
(CAPTURE_CANDIDATE (AND ((OR ((AND (B A)) (AND (C (OR (A B)))))))))
(CAPTURE_CANDIDATE (AND ((OR ((AND (C (OR (A B)))) (NOT (B)) (AND (A B)))))))
(CAPTURE_CANDIDATE (AND ((OR ((AND (C (OR (A B)))) C (AND (A B)))))))
(CAPTURE_CANDIDATE (AND ((OR ((AND (C (OR (A B)))) (NOT (C)) (AND (A B)))))))
(CAPTURE_CANDIDATE (AND ((OR ((AND (C (OR (A B)))) (AND ((NOT (B)) C)) (AND (A B)))))))
(CAPTURE_CANDIDATE (AND ((OR ((AND (C (OR (A B)))) B (NOT (C)) (AND (A B)))))))
(CAPTURE_CANDIDATE (AND (C (OR (A B)))))
(CAPTURE_CANDIDATE (AND ((OR ((AND (C (OR (A B)))) (NOT (A)) (NOT (B)))))))
(CAPTURE_CANDIDATE (AND ((OR ((AND (A (OR (B C)))) (AND (C (OR (A B)))))))))
(CAPTURE_CANDIDATE (AND ((OR ((AND (C (OR (A B)))) (AND (A B)) (NOT (A)) (NOT (C)))))))
(CAPTURE_CANDIDATE (AND (A (OR (C B)))))
(CAPTURE_CANDIDATE (AND (B (OR ((AND ((NOT (A)) C)) A)))))
(CAPTURE_CANDIDATE (AND (B (OR (C A)))))
(CAPTURE_CANDIDATE (AND (A (OR ((AND ((NOT (B)) C)) B)))))
(CAPTURE_CANDIDATE (AND ((OR ((AND (A B)) A B)))))
(CAPTURE_CANDIDATE (AND ((OR ((AND ((NOT (C)) (OR (A B)))) (AND (A B)))))))
(CAPTURE_CANDIDATE (AND ((OR ((AND (C (OR (A B)))) (AND (A B)))))))
(CAPTURE_CANDIDATE (AND (A B)))
(CAPTURE_CANDIDATE (AND ((OR ((AND (C (OR (A B)))) (AND (A B)))))))
(CAPTURE_CANDIDATE (AND (A B)))
(CAPTURE_CANDIDATE (AND ((OR (C (AND (A B)))))))
(CAPTURE_CANDIDATE (AND ((OR ((AND (C (NOT (A)) (NOT (B)))) (AND (A B)))))))
(New best score: -1.4285714285714284)
(Terminating because of best possible score: 0 found 0)
(Terminating because of best possible score: 0 found 0)
(OptimizedDeme: 225)
"Merging Deme"
(Demesize: 225)
(nEval: 10000 LenSInstList: 225)
(TopCnd: 225)
(Keep 100 Unique instances from 225)
(KeptUniqueTopCandidates NewSize: 100)
(TrimmedDownDeme: 94)
(CAPTURE_CANDIDATE (AND ((OR ((AND (A B)) (AND (C (OR (A B)))))))))
(CAPTURE_CANDIDATE (AND ((OR ((AND (C (OR (A B)))) (AND (A B)))))))
(CAPTURE_CANDIDATE (AND ((OR ((AND (A B)) (AND (C (OR (A B)))))))))
(CAPTURE_CANDIDATE (AND ((OR ((AND (C (OR (A B)))) (AND (A B)))))))
(CAPTURE_CANDIDATE (AND ((OR ((AND (A B)) (AND (C (OR (A B)))))))))
(CAPTURE_CANDIDATE (AND ((OR ((AND (C (OR (A B)))) (AND (A B)))))))
(CAPTURE_CANDIDATE (AND ((OR ((AND (A B)) (AND (C (OR (A B)))))))))
(CAPTURE_CANDIDATE (AND ((OR ((AND (B A)) (AND (C (OR (A B)))))))))
(CAPTURE_CANDIDATE (AND ((OR ((AND (A B)) (AND (C (OR (A B)))))))))
(CAPTURE_CANDIDATE (AND ((OR ((AND (B A)) (AND (C (OR (A B)))))))))
(CAPTURE_CANDIDATE (AND ((OR ((AND (C (OR (A B)))) (AND (A B)))))))
(CAPTURE_CANDIDATE (AND ((OR ((AND ((NOT (C)) A B)) (AND (C (OR (A B)))))))))
(CAPTURE_CANDIDATE (AND ((OR ((AND (B (NOT (C)) A)) (AND (C (OR (A B)))))))))
(CAPTURE_CANDIDATE (AND ((OR ((AND (A (OR (B C)))) (AND (C (OR (A B)))))))))
(CAPTURE_CANDIDATE (AND ((OR ((AND (A B)) C)))))
(CAPTURE_CANDIDATE (AND ((OR (C (AND (A B)))))))
(CAPTURE_CANDIDATE (AND (C (OR (A B)))))
(CAPTURE_CANDIDATE (AND ((OR ((AND (A B)) C)))))
(CAPTURE_CANDIDATE (AND ((OR (C (AND (A B)))))))
(CAPTURE_CANDIDATE (AND (C (OR (A B)))))
(CAPTURE_CANDIDATE (AND ((OR ((AND (A B)) C)))))
(CAPTURE_CANDIDATE (AND ((OR (C (AND (A B)))))))
(CAPTURE_CANDIDATE (AND (C (OR (A B)))))
(CAPTURE_CANDIDATE (AND ((OR ((AND (A B)) C)))))
(CAPTURE_CANDIDATE (AND ((OR (C (AND (A B)))))))
(CAPTURE_CANDIDATE (AND (C (OR (A B)))))
(CAPTURE_CANDIDATE (AND (B (OR (C A)))))
(CAPTURE_CANDIDATE (AND (B (OR (A C)))))
(CAPTURE_CANDIDATE (AND (A (OR (C B)))))
(CAPTURE_CANDIDATE (AND (A (OR (B C)))))
(CAPTURE_CANDIDATE (AND (C (OR (A B)))))
(CAPTURE_CANDIDATE (AND (A (OR (C B)))))
(CAPTURE_CANDIDATE (AND (B (OR (C A)))))
(CAPTURE_CANDIDATE (AND ((OR (C (AND (A B)))))))
(CAPTURE_CANDIDATE (AND ((OR ((AND (A B)) (AND (C (OR (A B)))) (AND (A B)))))))
(CAPTURE_CANDIDATE (AND ((OR (C C (AND (A B)))))))
(CAPTURE_CANDIDATE (AND ((OR ((AND (A B)) C C)))))
(CAPTURE_CANDIDATE (AND ((OR (C (AND (A B)) C)))))
(CAPTURE_CANDIDATE (AND ((OR (C C (AND (A B)))))))
(CAPTURE_CANDIDATE (AND ((OR (C (AND (A B)) C)))))
(CAPTURE_CANDIDATE (AND (C (OR (A A B)))))
(CAPTURE_CANDIDATE (AND ((OR ((AND (C (OR (A B)))) B)))))
(CAPTURE_CANDIDATE (AND ((OR ((AND (C (OR (A B)))) A)))))
(CAPTURE_CANDIDATE (AND ((OR (B (AND (C (OR (A B)))))))))
(CAPTURE_CANDIDATE (AND ((OR (A (AND (C (OR (A B)))))))))
(CAPTURE_CANDIDATE (AND ((OR (B (AND (C (OR (A B)))))))))
(CAPTURE_CANDIDATE (AND ((OR (A (AND (C (OR (A B)))))))))
(CAPTURE_CANDIDATE (AND (B (OR ((AND ((NOT (A)) C)) A)))))
(CAPTURE_CANDIDATE (AND (A (OR ((AND ((NOT (B)) C)) B)))))
(CAPTURE_CANDIDATE A)
(CAPTURE_CANDIDATE B)
(CAPTURE_CANDIDATE C)
(CAPTURE_CANDIDATE A)
(CAPTURE_CANDIDATE B)
(CAPTURE_CANDIDATE C)
(CAPTURE_CANDIDATE A)
(CAPTURE_CANDIDATE B)
(CAPTURE_CANDIDATE C)
(CAPTURE_CANDIDATE A)
(CAPTURE_CANDIDATE B)
(CAPTURE_CANDIDATE C)
(CAPTURE_CANDIDATE (AND ((OR ((AND (A B)) C (AND (A B)))))))
(CAPTURE_CANDIDATE (AND ((OR ((AND (B (NOT (C)))) (AND (C (OR (A B)))))))))
(CAPTURE_CANDIDATE (AND (C (OR ((AND (A B)) A B)))))
(CAPTURE_CANDIDATE (AND (A B)))
(CAPTURE_CANDIDATE (AND ((OR (A C)))))
(CAPTURE_CANDIDATE (AND ((OR (A B)))))
(CAPTURE_CANDIDATE (AND (A B)))
(CAPTURE_CANDIDATE (AND (A C)))
(CAPTURE_CANDIDATE (AND ((OR (A C)))))
(CAPTURE_CANDIDATE (AND ((OR (A B)))))
(CAPTURE_CANDIDATE (AND ((OR (A C)))))
(CAPTURE_CANDIDATE (AND ((OR (B C)))))
(CAPTURE_CANDIDATE (AND ((OR (A C)))))
(CAPTURE_CANDIDATE (AND ((OR (B C)))))
(CAPTURE_CANDIDATE (AND ((OR (C A)))))
(CAPTURE_CANDIDATE (AND ((OR (C B)))))
(CAPTURE_CANDIDATE (AND (C A)))
(CAPTURE_CANDIDATE (AND (A C)))
(CAPTURE_CANDIDATE (AND (B C)))
(CAPTURE_CANDIDATE (AND (C B)))
(CAPTURE_CANDIDATE (AND (A C)))
(CAPTURE_CANDIDATE (AND (A B)))
(CAPTURE_CANDIDATE (AND ((OR (A (AND (C (OR (A B)))) (AND (A B)))))))
(CAPTURE_CANDIDATE (AND ((OR (B (AND (C (OR (A B)))) (AND (A B)))))))
(CAPTURE_CANDIDATE (AND ((OR (C (AND (C (OR (A B)))) (AND (A B)))))))
(CAPTURE_CANDIDATE (AND ((OR ((AND (C (OR (A B)))) C (AND (A B)))))))
(CAPTURE_CANDIDATE (AND ((OR (C A C)))))
(CAPTURE_CANDIDATE (AND ((OR ((AND (B (NOT (C)))) C)))))
(CAPTURE_CANDIDATE (AND ((OR ((AND ((NOT (B)) C)) (AND (C (OR (A B)))) (AND (A B)))))))
(CAPTURE_CANDIDATE (AND ((OR ((AND ((NOT (A)) B)) (AND (C (OR (A B)))) (AND (A B)))))))
(CAPTURE_CANDIDATE (AND ((OR ((AND (C (OR (A B)))) (AND ((NOT (B)) C)) (AND (A B)))))))
(CAPTURE_CANDIDATE (AND (C (OR ((NOT (B)) A B)))))
(CAPTURE_CANDIDATE (AND ((OR ((AND (A B)) A B)))))
(Before getNewCandidates: 94)
(Going to merge 7 Instances)
(Metapop size before resize: 8)
(Metapop size after resize: 8)
""
(Generation 9)
"expand  deme returnn"
(SelectedTree: (AND (OR (AND C (OR A B)) (AND A B))))
(GeneratedList: (0 0 0 0 0 0 0 0 0 0 0 0 0 0 0 1 0 0 0 0 1 0 0 1 0 0 0 0 0 1 1 0 0 0 0 0 0 0 0 0 0 0 0 0 0 0 0 0 0 0 0 0 0 0 0 0 0 1 1 0 0 0 0 0 0 0 0 0 0 0 0 0 0 0 0 0 0 0 0 0 0 0 0 0 0 0 0 0 0 0 0 0 0 0 0 0 0))
""
(Iteration 1 running)
(Crossover: false)
(CenterInst: (0 0 0 0 0 0 0 0 0 0 0 0 0 0 0 1 0 0 0 0 1 0 0 1 0 0 0 0 0 1 1 0 0 0 0 0 0 0 0 0 0 0 0 0 0 0 0 0 0 0 0 0 0 0 0 0 0 1 1 0 0 0 0 0 0 0 0 0 0 0 0 0 0 0 0 0 0 0 0 0 0 0 0 0 0 0 0 0 0 0 0 0 0 0 0 0 0))
(size: 8)
(1 : 1 : 0)
(CAPTURE_CANDIDATE (AND ((OR ((AND (C (OR (A B)))) (AND (A B)))))))
(New best score: -1.4285714285714284)
""
(Iteration 2 running)
(Crossover: false)
(CenterInst: (0 0 0 0 0 0 0 0 0 0 0 0 0 0 0 1 0 0 0 0 1 0 0 1 0 0 0 0 0 1 1 0 0 0 0 0 0 0 0 0 0 0 0 0 0 0 0 0 0 0 0 0 0 0 0 0 0 1 1 0 0 0 0 0 0 0 0 0 0 0 0 0 0 0 0 0 0 0 0 0 0 0 0 0 0 0 0 0 0 0 0 0 0 0 0 0 0))
(size: 8)
(582 : 499 : 1)
(CAPTURE_CANDIDATE (AND ((OR ((AND (C (OR (A B)))) (AND (A B)))))))
(CAPTURE_CANDIDATE (AND ((OR (A (AND (C (OR (A B)))) (AND (A B)))))))
(CAPTURE_CANDIDATE (AND ((OR ((NOT (A)) (AND (C (OR (A B)))) (AND (A B)))))))
(CAPTURE_CANDIDATE (AND ((OR (B (AND (C (OR (A B)))) (AND (A B)))))))
(CAPTURE_CANDIDATE (AND ((OR ((NOT (B)) (AND (C (OR (A B)))) (AND (A B)))))))
(CAPTURE_CANDIDATE (AND ((OR (C (AND (C (OR (A B)))) (AND (A B)))))))
(CAPTURE_CANDIDATE (AND ((OR ((NOT (C)) (AND (C (OR (A B)))) (AND (A B)))))))
(CAPTURE_CANDIDATE (AND ((OR ((AND ((NOT (A)) B)) (AND (C (OR (A B)))) (AND (A B)))))))
(CAPTURE_CANDIDATE (AND ((OR (A (NOT (B)) (AND (C (OR (A B)))) (AND (A B)))))))
(CAPTURE_CANDIDATE (AND ((OR ((AND (A C)) (AND (C (OR (A B)))) (AND (A B)))))))
(CAPTURE_CANDIDATE (AND ((OR ((NOT (A)) (NOT (C)) (AND (C (OR (A B)))) (AND (A B)))))))
(CAPTURE_CANDIDATE (AND ((OR ((AND (A B)) (AND (C (OR (A B)))) (AND (A B)))))))
(CAPTURE_CANDIDATE (AND ((OR ((NOT (A)) (NOT (B)) (AND (C (OR (A B)))) (AND (A B)))))))
(CAPTURE_CANDIDATE (AND (A (OR (C B)))))
(CAPTURE_CANDIDATE (AND ((NOT (A)) C B)))
(CAPTURE_CANDIDATE (AND (B (OR (C A)))))
(CAPTURE_CANDIDATE (AND ((NOT (B)) C A)))
(CAPTURE_CANDIDATE (AND (C (OR ((AND (A B)) A B)))))
(CAPTURE_CANDIDATE (AND ((NOT (C)) A B)))
(CAPTURE_CANDIDATE (AND ((OR ((AND (C (OR (A B)))) (AND (A B)))) (OR (A C)))))
(CAPTURE_CANDIDATE (AND ((NOT (A)) (NOT (C)))))
(CAPTURE_CANDIDATE (AND ((OR ((AND (C (OR (A B)))) (AND (A B)))) (OR (B C)))))
(CAPTURE_CANDIDATE (AND ((NOT (B)) (NOT (C)))))
(CAPTURE_CANDIDATE (AND ((OR ((AND (C (OR (A B)))) (AND (A B)))) (OR ((NOT (A)) C)))))
(CAPTURE_CANDIDATE (AND (A (NOT (C)) B)))
(CAPTURE_CANDIDATE (AND ((OR ((AND (C (OR (A B)))) A (AND (A B)))))))
(CAPTURE_CANDIDATE (AND ((OR ((AND (C (OR (A B)))) (NOT (A)) (AND (A B)))))))
(CAPTURE_CANDIDATE (AND ((OR ((AND (C (OR (A B)))) B (AND (A B)))))))
(CAPTURE_CANDIDATE (AND ((OR ((AND (C (OR (A B)))) (NOT (B)) (AND (A B)))))))
(CAPTURE_CANDIDATE (AND ((OR ((AND (C (OR (A B)))) C (AND (A B)))))))
(CAPTURE_CANDIDATE (AND ((OR ((AND (C (OR (A B)))) (NOT (C)) (AND (A B)))))))
(CAPTURE_CANDIDATE (AND (C (OR (A B)))))
(CAPTURE_CANDIDATE (AND ((OR ((AND (C (OR (A B)))) (NOT (A)) (NOT (B)))))))
(CAPTURE_CANDIDATE (AND ((OR ((AND (C (OR (A B)))) (AND (A B)) (AND ((NOT (A)) B)))))))
(CAPTURE_CANDIDATE (AND ((OR ((AND (C (OR (A B)))) (AND (A B)) A (NOT (B)))))))
(CAPTURE_CANDIDATE (AND ((OR ((AND (C (OR (A B)))) (AND (A B)) (AND (B C)))))))
(CAPTURE_CANDIDATE (AND ((OR ((AND (C (OR (A B)))) (AND (A B)) (NOT (B)) (NOT (C)))))))
(CAPTURE_CANDIDATE (AND (A (OR (C B)))))
(CAPTURE_CANDIDATE (AND (B (OR ((AND ((NOT (A)) C)) A)))))
(CAPTURE_CANDIDATE (AND (B (OR (C A)))))
(CAPTURE_CANDIDATE (AND (A (OR ((AND ((NOT (B)) C)) B)))))
(CAPTURE_CANDIDATE (AND ((OR ((AND (A B)) A B)))))
(CAPTURE_CANDIDATE (AND ((OR ((AND ((NOT (C)) (OR (A B)))) (AND (A B)))))))
(CAPTURE_CANDIDATE (AND ((OR ((AND (C (OR ((NOT (A)) B)) (OR (A B)))) (AND (A B)))))))
(CAPTURE_CANDIDATE (AND (A (OR ((AND ((NOT (B)) C)) B)))))
(CAPTURE_CANDIDATE (AND ((OR ((AND (C (OR (A B)))) (AND (A B)))))))
(CAPTURE_CANDIDATE (AND (A (OR ((AND ((NOT (B)) (NOT (C)))) B)))))
(CAPTURE_CANDIDATE (AND ((OR (C (AND (A B)))))))
(CAPTURE_CANDIDATE (AND ((OR ((AND (C (NOT (A)) (NOT (B)))) (AND (A B)))))))
(CAPTURE_CANDIDATE (AND ((OR ((AND ((OR (C A)) (OR (A B)))) (AND (A B)))))))
(CAPTURE_CANDIDATE (AND ((OR ((AND ((OR (C (NOT (A)))) (OR (A B)))) (AND (A B)))))))
(CAPTURE_CANDIDATE (AND ((OR ((AND ((OR (C B)) (OR (A B)))) (AND (A B)))))))
(CAPTURE_CANDIDATE (AND ((OR ((AND ((OR (C (NOT (B)))) (OR (A B)))) (AND (A B)))))))
(CAPTURE_CANDIDATE (AND (A (OR ((AND (C (NOT (B)))) B)))))
(CAPTURE_CANDIDATE (AND ((OR ((AND ((OR (C B (NOT (C)))) (OR (A B)))) (AND (A B)))))))
(CAPTURE_CANDIDATE (AND (A (OR (C B)))))
(CAPTURE_CANDIDATE (AND ((OR ((AND ((OR (C (NOT (A)) (NOT (C)))) (OR (A B)))) (AND (A B)))))))
(CAPTURE_CANDIDATE (AND ((OR ((AND ((OR (C (AND ((NOT (A)) B)))) (OR (A B)))) (AND (A B)))))))
(CAPTURE_CANDIDATE (AND ((OR ((AND ((OR (C A (NOT (B)))) (OR (A B)))) (AND (A B)))))))
(CAPTURE_CANDIDATE (AND (B (OR (C A)))))
(CAPTURE_CANDIDATE (AND ((OR ((AND (C (OR ((NOT (A)) B)))) (AND (A B)))))))
(CAPTURE_CANDIDATE (AND (A (OR (C B)))))
(CAPTURE_CANDIDATE (AND ((OR ((AND (C (OR (A (NOT (B)))))) (AND (A B)))))))
(CAPTURE_CANDIDATE (AND ((OR (C (AND (A B)))))))
(CAPTURE_CANDIDATE (AND ((OR ((AND (C (OR (A B)))) (AND (A B)))))))
(CAPTURE_CANDIDATE (AND ((OR ((AND (C (OR (A B (AND (A B)))))) (AND (A B)))))))
(CAPTURE_CANDIDATE (AND ((OR ((AND (C (OR (A B (NOT (A)) (NOT (B)))))) (AND (A B)))))))
(CAPTURE_CANDIDATE (AND ((OR ((AND (C (OR (A B (NOT (B)))))) (AND (A B)))))))
(CAPTURE_CANDIDATE (AND ((OR ((AND (C (OR (A B B)))) (AND (A B)))))))
(CAPTURE_CANDIDATE (AND ((OR ((AND (C (OR (A B A)))) (AND (A B)))))))
(CAPTURE_CANDIDATE (AND ((OR ((AND (C (OR (A B (NOT (A)))))) (AND (A B)))))))
(CAPTURE_CANDIDATE (AND (B A C)))
(CAPTURE_CANDIDATE (AND ((OR ((AND (C (OR ((AND (A (NOT (B)))) B)))) (AND (A B)))))))
(CAPTURE_CANDIDATE (AND ((OR ((AND (C (OR (A B)))) (AND (A B)))))))
(CAPTURE_CANDIDATE (AND (B (OR (C A)))))
(CAPTURE_CANDIDATE (AND ((OR ((AND (C (OR (A B)))) (AND (A B)))))))
(CAPTURE_CANDIDATE (AND (B (OR (C A)))))
(CAPTURE_CANDIDATE (AND ((OR ((AND (C (OR (A B)))) (AND (A B)))))))
(CAPTURE_CANDIDATE (AND (B (OR (C A)))))
(CAPTURE_CANDIDATE (AND ((OR ((AND (C (OR (A B)))) (AND (A B)))))))
(CAPTURE_CANDIDATE (AND (B (OR (C A)))))
(CAPTURE_CANDIDATE (AND (A B C)))
(CAPTURE_CANDIDATE (AND ((OR ((AND (C (OR (A (AND (B (NOT (A)))))))) (AND (A B)))))))
(CAPTURE_CANDIDATE (AND ((OR ((AND (C (OR (A B)))) (AND (A B)))))))
(CAPTURE_CANDIDATE (AND (A (OR (C B)))))
(CAPTURE_CANDIDATE (AND ((OR ((AND (C (OR (A B)))) (AND (A B)))))))
(CAPTURE_CANDIDATE (AND (A (OR (C B)))))
(CAPTURE_CANDIDATE (AND ((OR ((AND (C (OR (A B)))) (AND (A B)))))))
(CAPTURE_CANDIDATE (AND (A (OR (C B)))))
(CAPTURE_CANDIDATE (AND ((OR ((AND (C (OR (A B)))) (AND (A B)))))))
(CAPTURE_CANDIDATE (AND (A (OR (C B)))))
(CAPTURE_CANDIDATE (AND ((OR ((AND (C (OR (A B A)))) (AND (A B)))))))
(CAPTURE_CANDIDATE (AND ((OR ((AND (C (OR (A B (NOT (A)))))) (AND (A B)))))))
(CAPTURE_CANDIDATE (AND ((OR ((AND (C (OR (A B B)))) (AND (A B)))))))
(CAPTURE_CANDIDATE (AND ((OR ((AND (C (OR (A B (NOT (B)))))) (AND (A B)))))))
(CAPTURE_CANDIDATE (AND ((OR (C (AND (A B)))))))
(CAPTURE_CANDIDATE (AND ((OR ((AND (C (OR (A B)))) (AND (A B)))))))
(CAPTURE_CANDIDATE (AND ((OR ((AND (C (OR (A B (NOT (A)) B)))) (AND (A B)))))))
(CAPTURE_CANDIDATE (AND ((OR ((AND (C (OR (A B (AND (A (NOT (B)))))))) (AND (A B)))))))
(CAPTURE_CANDIDATE (AND ((OR (C (AND (A B)))))))
(CAPTURE_CANDIDATE (AND ((OR ((AND (C (OR (A B)))) (AND (A B)))))))
(CAPTURE_CANDIDATE (AND ((OR (C (AND (A B)))))))
(CAPTURE_CANDIDATE (AND ((OR ((AND (C (OR (A B)))) (AND (A B)))))))
(CAPTURE_CANDIDATE (AND (A (OR (C B)))))
(CAPTURE_CANDIDATE (AND (B (OR ((AND (C (NOT (A)))) A)))))
(CAPTURE_CANDIDATE (AND (B (OR (C A)))))
(CAPTURE_CANDIDATE (AND (A (OR ((AND (C (NOT (B)))) B)))))
(CAPTURE_CANDIDATE (AND ((OR ((AND (C (OR (A B)))) (AND (A B)))))))
(CAPTURE_CANDIDATE (AND (A B)))
(CAPTURE_CANDIDATE (AND (A (OR ((AND (C (NOT (B)))) B)))))
(CAPTURE_CANDIDATE (AND (B (OR (C A)))))
(CAPTURE_CANDIDATE (AND (B (OR (C A)))))
(CAPTURE_CANDIDATE (AND (A (OR ((AND (C (NOT (B)))) B)))))
(CAPTURE_CANDIDATE (AND (B (OR ((AND (C (NOT (A)))) A)))))
(CAPTURE_CANDIDATE (AND ((OR ((AND (C (OR (A B)) (OR (A (NOT (B)))))) (AND (A B)))))))
(CAPTURE_CANDIDATE (AND ((OR ((AND (C (OR (A B)))) B)))))
(CAPTURE_CANDIDATE (AND ((OR ((AND (C (OR (A B)))) (AND ((NOT (A)) B)))))))
(CAPTURE_CANDIDATE (AND ((OR ((AND (C (OR (A B)))) A)))))
(CAPTURE_CANDIDATE (AND ((OR ((AND (C (OR (A B)))) (AND ((NOT (B)) A)))))))
(CAPTURE_CANDIDATE (AND (C (OR ((AND (A B)) A B)))))
(CAPTURE_CANDIDATE (AND ((OR ((AND (C (OR (A B)))) (AND ((NOT (C)) A B)))))))
(CAPTURE_CANDIDATE (AND ((OR ((AND (C (OR (A B)))) (AND (A B)))))))
(CAPTURE_CANDIDATE (AND ((OR ((AND (C (OR (A B)))) (AND ((NOT (A)) (NOT (C)) B)))))))
(CAPTURE_CANDIDATE (AND (C (OR ((AND (A B)) A B)))))
(CAPTURE_CANDIDATE (AND ((OR ((AND (C (OR (A B)))) (AND (B (NOT (C)) A)))))))
(CAPTURE_CANDIDATE (AND ((OR ((AND (C (OR (A B)))) (AND (A B)))))))
(CAPTURE_CANDIDATE (AND (C (OR (A B)))))
(CAPTURE_CANDIDATE (AND ((OR ((AND (C (OR (A B)))) B)))))
(CAPTURE_CANDIDATE (AND ((OR ((AND (C (OR (A B)))) (AND (B A)))))))
(CAPTURE_CANDIDATE (AND ((OR ((AND (C (OR (A B)))) (AND (B (OR (A C)))))))))
(CAPTURE_CANDIDATE (AND ((OR ((AND (C (OR (A B)))) (AND (B (OR (A (NOT (C)))))))))))
(CAPTURE_CANDIDATE (AND ((OR ((AND (C (OR (A B)))) (AND (B (OR (A (AND ((NOT (A)) C)))))))))))
(CAPTURE_CANDIDATE (AND ((OR ((AND (C (OR (A B)))) (AND (B (OR (A A (NOT (C)))))))))))
(CAPTURE_CANDIDATE (AND ((OR ((AND (C (OR (A B)))) (AND (B (OR (A C)))))))))
(CAPTURE_CANDIDATE (AND ((OR ((AND (C (OR (A B)))) (AND (B (OR (A (NOT (C)))))))))))
(CAPTURE_CANDIDATE (AND ((OR ((AND (C (OR (A B)))) (AND (A B)))))))
(CAPTURE_CANDIDATE (AND ((OR ((AND (C (OR (A B)))) (AND (B (OR (A (NOT (A)))))))))))
(CAPTURE_CANDIDATE (AND ((OR ((AND (C (OR (A B)))) A)))))
(CAPTURE_CANDIDATE (AND ((OR ((AND (C (OR (A B)))) (AND (A B)))))))
(CAPTURE_CANDIDATE (AND ((OR ((AND (C (OR (A B)))) (AND (A (OR (B C)))))))))
(CAPTURE_CANDIDATE (AND ((OR ((AND (C (OR (A B)))) (AND (A (OR (B (NOT (C)))))))))))
(CAPTURE_CANDIDATE (AND (C (OR ((AND (A B)) A B)))))
(CAPTURE_CANDIDATE (AND ((OR ((AND (C (OR (A B)))) (AND (A (OR (B (NOT (B)) (NOT (C)))))))))))
(CAPTURE_CANDIDATE (AND (C (OR (A B)))))
(CAPTURE_CANDIDATE (AND ((OR ((AND (C (OR (A B)))) A)))))
(CAPTURE_CANDIDATE (AND ((OR ((AND (C (OR (A B)))) (AND (A B)))))))
(CAPTURE_CANDIDATE (AND ((OR ((AND (C (OR (A B)))) A)))))
(CAPTURE_CANDIDATE (AND ((OR ((AND (C (OR (A B)))) (AND (A B)))))))
(CAPTURE_CANDIDATE (AND (C (OR (A B)))))
(CAPTURE_CANDIDATE (AND ((OR ((AND (C (OR (A B)))) (AND (A B)))))))
(CAPTURE_CANDIDATE (AND (C (OR (A B)))))
(CAPTURE_CANDIDATE (AND (C (OR ((AND (A B)) A B)))))
(CAPTURE_CANDIDATE (AND ((OR ((AND (C (OR (A B)))) (AND (A B (NOT (C)))))))))
(CAPTURE_CANDIDATE (AND (C (OR ((AND (A B)) A B)))))
(CAPTURE_CANDIDATE (AND ((OR ((AND (C (OR (A B)))) (AND (A B (NOT (C)))))))))
(CAPTURE_CANDIDATE (AND (C (OR (A B)))))
(CAPTURE_CANDIDATE (AND ((OR ((AND (C (OR (A B)))) (AND (A B)))))))
(CAPTURE_CANDIDATE (AND (C (OR (A B)))))
(CAPTURE_CANDIDATE (AND ((OR ((AND (C (OR (A B)))) (AND (A B)))))))
(CAPTURE_CANDIDATE (AND ((OR ((AND (C (OR (A B)))) (AND (A B)) A)))))
(CAPTURE_CANDIDATE (AND ((OR ((AND (C (OR (A B)))) (AND (A B)) (NOT (A)))))))
(CAPTURE_CANDIDATE (AND ((OR ((AND (C (OR (A B)))) (AND (A B)) B)))))
(CAPTURE_CANDIDATE (AND ((OR ((AND (C (OR (A B)))) (AND (A B)) (NOT (B)))))))
(CAPTURE_CANDIDATE (AND ((OR ((AND (C (OR (A B)))) (AND (A B)) C)))))
(CAPTURE_CANDIDATE (AND ((OR ((AND (C (OR (A B)))) (AND (A B)) (NOT (C)))))))
(CAPTURE_CANDIDATE (AND ((OR ((AND (C (OR (A B)))) (AND (A B)) (NOT (A)) B)))))
(CAPTURE_CANDIDATE (AND ((OR ((AND (C (OR (A B)))) (AND (A B)) (AND (A (NOT (B)))))))))
(CAPTURE_CANDIDATE (AND ((OR ((AND (C (OR (A B)))) (AND (A B)) A B)))))
(CAPTURE_CANDIDATE (AND ((OR ((AND (C (OR (A B)))) (AND (A B)) (AND ((NOT (A)) (NOT (B)))))))))
(CAPTURE_CANDIDATE (AND ((OR ((AND (C (OR (A B)))) (AND (A B)) A C)))))
(CAPTURE_CANDIDATE (AND ((OR ((AND (C (OR (A B)))) (AND (A B)) (AND ((NOT (A)) (NOT (C)))))))))
(CAPTURE_CANDIDATE (AND (A (OR (C B)))))
(CAPTURE_CANDIDATE (AND ((NOT (A)) C B)))
(CAPTURE_CANDIDATE (AND (B (OR (C A)))))
(CAPTURE_CANDIDATE (AND ((NOT (B)) C A)))
(CAPTURE_CANDIDATE (AND (C (OR ((AND (A B)) A B)))))
(CAPTURE_CANDIDATE (AND ((NOT (C)) A B)))
(CAPTURE_CANDIDATE (AND ((NOT (B)) C A)))
(CAPTURE_CANDIDATE (AND ((OR ((AND (C (OR (A B)))) (AND (A B)))) (OR (B (NOT (C)))))))
(CAPTURE_CANDIDATE (AND ((NOT (A)) B C)))
(CAPTURE_CANDIDATE (AND ((OR ((AND (C (OR (A B)))) (AND (A B)))) (OR (A (NOT (B)))))))
(CAPTURE_CANDIDATE (AND (A B)))
(CAPTURE_CANDIDATE (AND ((OR ((AND (C (OR (A B)))) (AND (A B)))) (OR ((NOT (A)) (NOT (B)))))))
(CAPTURE_CANDIDATE (AND ((OR (A (AND (C (OR (A B)))) (AND (A B)))))))
(CAPTURE_CANDIDATE (AND ((OR ((NOT (A)) (AND (C (OR (A B)))) (AND (A B)))))))
(CAPTURE_CANDIDATE (AND ((OR (B (AND (C (OR (A B)))) (AND (A B)))))))
(CAPTURE_CANDIDATE (AND ((OR ((NOT (B)) (AND (C (OR (A B)))) (AND (A B)))))))
(CAPTURE_CANDIDATE (AND ((OR (C (AND (C (OR (A B)))) (AND (A B)))))))
(CAPTURE_CANDIDATE (AND ((OR ((NOT (C)) (AND (C (OR (A B)))) (AND (A B)))))))
(CAPTURE_CANDIDATE (AND ((OR ((AND (C (OR (A B)))) (AND (A B)) A C)))))
(CAPTURE_CANDIDATE (AND ((OR ((AND ((NOT (A)) (NOT (C)))) (AND (C (OR (A B)))) (AND (A B)))))))
(CAPTURE_CANDIDATE (AND ((OR ((AND (C (OR (A B)))) (AND (A B)) A B)))))
(CAPTURE_CANDIDATE (AND ((OR ((AND ((NOT (A)) (NOT (B)))) (AND (C (OR (A B)))) (AND (A B)))))))
(CAPTURE_CANDIDATE (AND ((OR ((AND (C (OR (A B)))) (AND (A B)) B C)))))
(CAPTURE_CANDIDATE (AND ((OR ((AND ((NOT (B)) (NOT (C)))) (AND (C (OR (A B)))) (AND (A B)))))))
(New best score: -1.4285714285714284)
(Terminating because of best possible score: 0 found 0)
(Terminating because of best possible score: 0 found 0)
(OptimizedDeme: 195)
"Merging Deme"
(Demesize: 195)
(nEval: 10000 LenSInstList: 195)
(TopCnd: 195)
(Keep 100 Unique instances from 195)
(KeptUniqueTopCandidates NewSize: 100)
(TrimmedDownDeme: 89)
(CAPTURE_CANDIDATE (AND ((OR ((AND (C (OR (A B)))) (AND (A B)))))))
(CAPTURE_CANDIDATE (AND ((OR ((AND (C (OR (A B)))) (AND (B A)))))))
(CAPTURE_CANDIDATE (AND ((OR ((AND (C (OR (A B)))) (AND (A B)))))))
(CAPTURE_CANDIDATE (AND ((OR ((AND (C (OR (A B B)))) (AND (A B)))))))
(CAPTURE_CANDIDATE (AND ((OR ((AND (C (OR (A B A)))) (AND (A B)))))))
(CAPTURE_CANDIDATE (AND ((OR ((AND (C (OR ((AND (A (NOT (B)))) B)))) (AND (A B)))))))
(CAPTURE_CANDIDATE (AND ((OR ((AND (C (OR (A (AND (B (NOT (A)))))))) (AND (A B)))))))
(CAPTURE_CANDIDATE (AND ((OR ((AND (C (OR (A B A)))) (AND (A B)))))))
(CAPTURE_CANDIDATE (AND ((OR ((AND (C (OR (A B B)))) (AND (A B)))))))
(CAPTURE_CANDIDATE (AND ((OR ((AND (C (OR (A B)))) (AND ((NOT (C)) A B)))))))
(CAPTURE_CANDIDATE (AND ((OR ((AND (C (OR (A B)))) (AND (B (NOT (C)) A)))))))
(CAPTURE_CANDIDATE (AND ((OR ((AND (C (OR (A B)))) (AND (B (OR (A C)))))))))
(CAPTURE_CANDIDATE (AND ((OR ((AND (C (OR (A B)))) (AND (A (OR (B C)))))))))
(CAPTURE_CANDIDATE (AND ((OR ((AND (C (OR (A B)))) (AND (A B (NOT (C)))))))))
(CAPTURE_CANDIDATE (AND (A (OR (C B)))))
(CAPTURE_CANDIDATE (AND (B (OR (C A)))))
(CAPTURE_CANDIDATE (AND (C (OR (A B)))))
(CAPTURE_CANDIDATE (AND (A (OR (C B)))))
(CAPTURE_CANDIDATE (AND (B (OR (C A)))))
(CAPTURE_CANDIDATE (AND ((OR (C (AND (A B)))))))
(CAPTURE_CANDIDATE (AND (A (OR (C B)))))
(CAPTURE_CANDIDATE (AND (B (OR (C A)))))
(CAPTURE_CANDIDATE (AND (A (OR (C B)))))
(CAPTURE_CANDIDATE (AND ((OR (C (AND (A B)))))))
(CAPTURE_CANDIDATE (AND (B (OR (C A)))))
(CAPTURE_CANDIDATE (AND (A (OR (C B)))))
(CAPTURE_CANDIDATE (AND ((OR (C (AND (A B)))))))
(CAPTURE_CANDIDATE (AND (A (OR (C B)))))
(CAPTURE_CANDIDATE (AND (B (OR (C A)))))
(CAPTURE_CANDIDATE (AND (C (OR (A B)))))
(CAPTURE_CANDIDATE (AND (A (OR (C B)))))
(CAPTURE_CANDIDATE (AND (B (OR (C A)))))
(CAPTURE_CANDIDATE (AND ((OR ((AND (A C)) (AND (C (OR (A B)))) (AND (A B)))))))
(CAPTURE_CANDIDATE (AND ((OR ((AND (A B)) (AND (C (OR (A B)))) (AND (A B)))))))
(CAPTURE_CANDIDATE (AND ((OR ((AND (C (OR (A B)))) (AND (A B)))) (OR (A C)))))
(CAPTURE_CANDIDATE (AND ((OR ((AND (C (OR (A B)))) (AND (A B)))) (OR (B C)))))
(CAPTURE_CANDIDATE (AND ((OR ((AND (C (OR (A B)))) (AND (A B)) (AND (B C)))))))
(CAPTURE_CANDIDATE (AND ((OR ((AND (C (OR (A B (AND (A B)))))) (AND (A B)))))))
(CAPTURE_CANDIDATE (AND ((OR ((AND (C (OR (A B (AND (A (NOT (B)))))))) (AND (A B)))))))
(CAPTURE_CANDIDATE (AND ((OR ((AND (C (OR (A B)))) (AND (B (OR (A (AND ((NOT (A)) C)))))))))))
(CAPTURE_CANDIDATE (AND (B (OR ((AND ((NOT (A)) C)) A)))))
(CAPTURE_CANDIDATE (AND (A (OR ((AND ((NOT (B)) C)) B)))))
(CAPTURE_CANDIDATE (AND (A (OR ((AND (C (NOT (B)))) B)))))
(CAPTURE_CANDIDATE (AND (B (OR ((AND (C (NOT (A)))) A)))))
(CAPTURE_CANDIDATE (AND (A (OR ((AND (C (NOT (B)))) B)))))
(CAPTURE_CANDIDATE (AND (B (OR ((AND (C (NOT (A)))) A)))))
(CAPTURE_CANDIDATE (AND ((OR ((AND (C (OR (A B)))) B)))))
(CAPTURE_CANDIDATE (AND ((OR ((AND (C (OR (A B)))) A)))))
(CAPTURE_CANDIDATE (AND ((OR ((AND (C (OR (A B)))) B)))))
(CAPTURE_CANDIDATE (AND ((OR ((AND (C (OR (A B)))) A)))))
(CAPTURE_CANDIDATE (AND (C (OR ((AND (A B)) A B)))))
(CAPTURE_CANDIDATE (AND (A B)))
(CAPTURE_CANDIDATE (AND ((OR (A (AND (C (OR (A B)))) (AND (A B)))))))
(CAPTURE_CANDIDATE (AND ((OR (B (AND (C (OR (A B)))) (AND (A B)))))))
(CAPTURE_CANDIDATE (AND ((OR (C (AND (C (OR (A B)))) (AND (A B)))))))
(CAPTURE_CANDIDATE (AND ((OR ((AND (C (OR (A B)))) A (AND (A B)))))))
(CAPTURE_CANDIDATE (AND ((OR ((AND (C (OR (A B)))) B (AND (A B)))))))
(CAPTURE_CANDIDATE (AND ((OR ((AND (C (OR (A B)))) C (AND (A B)))))))
(CAPTURE_CANDIDATE (AND ((OR ((AND ((OR (C A)) (OR (A B)))) (AND (A B)))))))
(CAPTURE_CANDIDATE (AND ((OR ((AND ((OR (C (NOT (A)))) (OR (A B)))) (AND (A B)))))))
(CAPTURE_CANDIDATE (AND ((OR ((AND ((OR (C B)) (OR (A B)))) (AND (A B)))))))
(CAPTURE_CANDIDATE (AND ((OR ((AND ((OR (C (NOT (B)))) (OR (A B)))) (AND (A B)))))))
(CAPTURE_CANDIDATE (AND ((OR ((AND (C (OR (A B (NOT (B)))))) (AND (A B)))))))
(CAPTURE_CANDIDATE (AND ((OR ((AND (C (OR (A B (NOT (A)))))) (AND (A B)))))))
(CAPTURE_CANDIDATE (AND ((OR ((AND (C (OR (A B (NOT (B)))))) (AND (A B)))))))
(CAPTURE_CANDIDATE (AND ((OR ((AND (C (OR (A B)))) (AND (B (OR (A (NOT (C)))))))))))
(CAPTURE_CANDIDATE (AND ((OR ((AND (C (OR (A B)))) (AND (B (OR (A (NOT (A)))))))))))
(CAPTURE_CANDIDATE (AND ((OR ((AND (C (OR (A B)))) (AND (A (OR (B (NOT (C)))))))))))
(CAPTURE_CANDIDATE (AND ((OR ((AND (C (OR (A B)))) (AND (A B)) A)))))
(CAPTURE_CANDIDATE (AND ((OR ((AND (C (OR (A B)))) (AND (A B)) B)))))
(CAPTURE_CANDIDATE (AND ((OR ((AND (C (OR (A B)))) (AND (A B)) C)))))
(CAPTURE_CANDIDATE (AND ((OR (A (AND (C (OR (A B)))) (AND (A B)))))))
(CAPTURE_CANDIDATE (AND ((OR (B (AND (C (OR (A B)))) (AND (A B)))))))
(CAPTURE_CANDIDATE (AND ((OR (C (AND (C (OR (A B)))) (AND (A B)))))))
(CAPTURE_CANDIDATE (AND ((OR ((AND ((NOT (A)) B)) (AND (C (OR (A B)))) (AND (A B)))))))
(CAPTURE_CANDIDATE (AND ((OR ((AND (C (OR (A B)))) (AND (A B)))) (OR ((NOT (A)) C)))))
(CAPTURE_CANDIDATE (AND ((OR ((AND (C (OR (A B)))) (AND (A B)) (AND ((NOT (A)) B)))))))
(CAPTURE_CANDIDATE (AND ((OR ((AND (C (OR ((NOT (A)) B)) (OR (A B)))) (AND (A B)))))))
(CAPTURE_CANDIDATE (AND ((OR ((AND ((OR (C (AND ((NOT (A)) B)))) (OR (A B)))) (AND (A B)))))))
(CAPTURE_CANDIDATE (AND ((OR ((AND ((OR (C A (NOT (B)))) (OR (A B)))) (AND (A B)))))))
(CAPTURE_CANDIDATE (AND ((OR ((AND (C (OR (A B (NOT (A)) (NOT (B)))))) (AND (A B)))))))
(CAPTURE_CANDIDATE (AND ((OR ((AND (C (OR (A B (NOT (A)) B)))) (AND (A B)))))))
(CAPTURE_CANDIDATE (AND ((OR ((AND (C (OR (A B)) (OR (A (NOT (B)))))) (AND (A B)))))))
(CAPTURE_CANDIDATE (AND ((OR ((AND (C (OR (A B)))) (AND (B (OR (A A (NOT (C)))))))))))
(CAPTURE_CANDIDATE (AND ((OR ((AND (C (OR (A B)))) (AND (A (OR (B (NOT (B)) (NOT (C)))))))))))
(CAPTURE_CANDIDATE (AND ((OR ((AND (C (OR (A B)))) (AND (A B)) (AND (A (NOT (B)))))))))
(CAPTURE_CANDIDATE (AND ((OR ((AND (C (OR (A B)))) (AND (A B)))) (OR (B (NOT (C)))))))
(CAPTURE_CANDIDATE (AND ((OR ((AND (C (OR (A B)))) (AND (A B)))) (OR (A (NOT (B)))))))
(CAPTURE_CANDIDATE (AND ((OR ((AND (A B)) A B)))))
(Before getNewCandidates: 89)
(Going to merge 17 Instances)
(Metapop size before resize: 25)
(Metapop size after resize: 24)
""
true
true
true
true
true
true
true
true
true
true
true
true
true
true
true
true
true
true
true
true
true
true
true
true
true
true
true
true
true
true
true
true
true
true
true
true
true
true
true
true
true
true
true
true
true
true
true
true
true
true
true
true
true
true
true
true
true
true
true
true
true
true
true
true
true
true
true
()
(FinalResult (((AND (OR (AND C (OR A B)) (AND B A))) 0) ((AND (OR (AND C (OR A B)) (AND A B))) 0) ((AND (OR (AND B A) (AND C (OR A B)))) 0) ((AND (OR (AND A B) (AND C (OR A B)))) 0) ((AND (OR (AND C (OR A B B)) (AND A B))) 0) ((AND (OR (AND C (OR A B A)) (AND A B))) 0) ((AND (OR (AND C (OR (AND A (NOT B)) B)) (AND A B))) 0) ((AND (OR (AND C (OR A (AND B (NOT A)))) (AND A B))) 0) ((AND (OR (AND C (OR A B)) (AND (NOT C) A B))) 0) ((AND (OR (AND C (OR A B)) (AND B (NOT C) A))) 0)))
